src/App.tsx(50,100): error TS2322: Type '{ children: any[]; size: "lg"; className: string; onClick: () => Promise<UserCredential>; }' is not assignable to type 'ButtonProps'.
  Property 'onClick' does not exist on type 'ButtonProps'.
src/components/attendance/AttendanceTracker.tsx(62,45): error TS2322: Type '{ children: any[]; variant: "outline"; size: "sm"; onClick: () => void; className: string; }' is not assignable to type 'ButtonProps'.
  Property 'onClick' does not exist on type 'ButtonProps'.
src/components/attendance/AttendanceTracker.tsx(68,45): error TS2322: Type '{ children: any[]; variant: "outline"; size: "sm"; onClick: () => void; className: string; }' is not assignable to type 'ButtonProps'.
  Property 'onClick' does not exist on type 'ButtonProps'.
src/components/attendance/AttendanceTracker.tsx(75,17): error TS2322: Type '{ children: any[]; key: any; className: string; }' is not assignable to type 'CardProps'.
  Property 'key' does not exist on type 'CardProps'.
src/components/attendance/AttendanceTracker.tsx(126,39): error TS2322: Type '{ children: string; variant: "outline"; onClick: () => string; className: string; }' is not assignable to type 'ButtonProps'.
  Property 'onClick' does not exist on type 'ButtonProps'.
src/components/management/ImamManager.tsx(46,19): error TS2322: Type '{ children: any[]; type: string; isLoading: any; className: string; }' is not assignable to type 'ButtonProps'.
  Property 'type' does not exist on type 'ButtonProps'.
src/components/management/ImamManager.tsx(81,21): error TS2322: Type '{ children: any; variant: "ghost"; size: "sm"; className: string; onClick: () => Promise<void>; title: string; }' is not assignable to type 'ButtonProps'.
  Property 'onClick' does not exist on type 'ButtonProps'.
src/components/management/ImamManager.tsx(90,21): error TS2322: Type '{ children: any; variant: "ghost"; size: "sm"; className: string; onClick: () => void; }' is not assignable to type 'ButtonProps'.
  Property 'onClick' does not exist on type 'ButtonProps'.
src/components/reports/MonthlyReport.tsx(146,97): error TS2322: Type '{ children: any[]; className: string; onClick: () => void; }' is not assignable to type 'ButtonProps'.
  Property 'onClick' does not exist on type 'ButtonProps'.
src/components/ui/Common.tsx(47,36): error TS2339: Property 'disabled' does not exist on type '{}'.
